// Jest Snapshot v1, https://goo.gl/fbAQLP

exports[`Search renders correctly 1`] = `
<DocumentFragment>
  <form
    class="search-form"
  >
    <input
      class="search-input"
      data-testid="search-bar"
      type="text"
    />
    <button
      class="search-button"
      name="search-name"
      type="submit"
    >
      search
    </button>
  </form>
</DocumentFragment>
`;
